[2026-09-27 19:42:42Z INFO HostContext] No proxy settings were found based on environmental variables (http_proxy/https_proxy/HTTP_PROXY/HTTPS_PROXY)
[2026-09-27 19:42:42Z INFO HostContext] Well known directory 'Bin': 'E:\github\cicd-lab\actions-runner\bin'
[2026-09-27 19:42:42Z INFO HostContext] Well known directory 'Root': 'E:\github\cicd-lab\actions-runner'
[2026-09-27 19:42:42Z INFO HostContext] Well known config file 'Credentials': 'E:\github\cicd-lab\actions-runner\.credentials'
[2026-09-27 19:42:42Z INFO HostContext] Well known directory 'Bin': 'E:\github\cicd-lab\actions-runner\bin'
[2026-09-27 19:42:42Z INFO HostContext] Well known directory 'Root': 'E:\github\cicd-lab\actions-runner'
[2026-09-27 19:42:42Z INFO HostContext] Well known config file 'Runner': 'E:\github\cicd-lab\actions-runner\.runner'
[2026-09-27 19:42:42Z INFO Listener] Runner is built for Windows (X64) - win-x64.
[2026-09-27 19:42:42Z INFO Listener] RuntimeInformation: Microsoft Windows 10.0.26200.
[2026-09-27 19:42:42Z INFO Listener] Version: 2.337.0
[2026-09-27 19:42:42Z INFO Listener] Commit: 397b032cbf865e9c3ddfab89d533ec19325e1273
[2026-09-27 19:42:42Z INFO Listener] Culture: en-US
[2026-09-27 19:42:42Z INFO Listener] UI Culture: de-DE
[2026-09-27 19:42:42Z INFO HostContext] Well known directory 'Bin': 'E:\github\cicd-lab\actions-runner\bin'
[2026-09-27 19:42:42Z INFO HostContext] Well known directory 'Root': 'E:\github\cicd-lab\actions-runner'
[2026-09-27 19:42:42Z INFO Listener] Validating directory permissions for: 'E:\github\cicd-lab\actions-runner'
[2026-09-27 19:42:42Z INFO CommandLineParser] Parse
[2026-09-27 19:42:42Z INFO CommandLineParser] Parsing 5 args
[2026-09-27 19:42:42Z INFO CommandLineParser] parsing argument
[2026-09-27 19:42:42Z INFO CommandLineParser] HasArgs: False
[2026-09-27 19:42:42Z INFO CommandLineParser] Adding Command: configure
[2026-09-27 19:42:42Z INFO CommandLineParser] parsing argument
[2026-09-27 19:42:42Z INFO CommandLineParser] HasArgs: True
[2026-09-27 19:42:42Z INFO CommandLineParser] arg: url
[2026-09-27 19:42:42Z INFO CommandLineParser] parsing argument
[2026-09-27 19:42:42Z INFO CommandLineParser] HasArgs: True
[2026-09-27 19:42:42Z INFO CommandLineParser] Adding option 'url': 'https://github.com/darwin642/cicd-lab'
[2026-09-27 19:42:42Z INFO CommandLineParser] parsing argument
[2026-09-27 19:42:42Z INFO CommandLineParser] HasArgs: True
[2026-09-27 19:42:42Z INFO CommandLineParser] arg: token
[2026-09-27 19:42:42Z INFO CommandLineParser] parsing argument
[2026-09-27 19:42:42Z INFO CommandLineParser] HasArgs: True
[2026-09-27 19:42:42Z INFO CommandLineParser] Adding option 'token': '***'
[2026-09-27 19:42:42Z INFO Listener] Arguments parsed
[2026-09-27 19:42:43Z INFO Runner] ExecuteCommand
[2026-09-27 19:42:43Z INFO ConfigurationStore] currentAssemblyLocation: E:\github\cicd-lab\actions-runner\bin\Runner.Listener.dll
[2026-09-27 19:42:43Z INFO HostContext] Well known directory 'Bin': 'E:\github\cicd-lab\actions-runner\bin'
[2026-09-27 19:42:43Z INFO ConfigurationStore] binPath: E:\github\cicd-lab\actions-runner\bin
[2026-09-27 19:42:43Z INFO HostContext] Well known directory 'Bin': 'E:\github\cicd-lab\actions-runner\bin'
[2026-09-27 19:42:43Z INFO HostContext] Well known directory 'Root': 'E:\github\cicd-lab\actions-runner'
[2026-09-27 19:42:43Z INFO ConfigurationStore] RootFolder: E:\github\cicd-lab\actions-runner
[2026-09-27 19:42:43Z INFO HostContext] Well known directory 'Bin': 'E:\github\cicd-lab\actions-runner\bin'
[2026-09-27 19:42:43Z INFO HostContext] Well known directory 'Root': 'E:\github\cicd-lab\actions-runner'
[2026-09-27 19:42:43Z INFO HostContext] Well known config file 'Runner': 'E:\github\cicd-lab\actions-runner\.runner'
[2026-09-27 19:42:43Z INFO ConfigurationStore] ConfigFilePath: E:\github\cicd-lab\actions-runner\.runner
[2026-09-27 19:42:43Z INFO HostContext] Well known directory 'Bin': 'E:\github\cicd-lab\actions-runner\bin'
[2026-09-27 19:42:43Z INFO HostContext] Well known directory 'Root': 'E:\github\cicd-lab\actions-runner'
[2026-09-27 19:42:43Z INFO HostContext] Well known config file 'MigratedRunner': 'E:\github\cicd-lab\actions-runner\.runner_migrated'
[2026-09-27 19:42:43Z INFO ConfigurationStore] MigratedConfigFilePath: E:\github\cicd-lab\actions-runner\.runner_migrated
[2026-09-27 19:42:43Z INFO HostContext] Well known directory 'Bin': 'E:\github\cicd-lab\actions-runner\bin'
[2026-09-27 19:42:43Z INFO HostContext] Well known directory 'Root': 'E:\github\cicd-lab\actions-runner'
[2026-09-27 19:42:43Z INFO HostContext] Well known config file 'Credentials': 'E:\github\cicd-lab\actions-runner\.credentials'
[2026-09-27 19:42:43Z INFO ConfigurationStore] CredFilePath: E:\github\cicd-lab\actions-runner\.credentials
[2026-09-27 19:42:43Z INFO HostContext] Well known directory 'Bin': 'E:\github\cicd-lab\actions-runner\bin'
[2026-09-27 19:42:43Z INFO HostContext] Well known directory 'Root': 'E:\github\cicd-lab\actions-runner'
[2026-09-27 19:42:43Z INFO HostContext] Well known config file 'MigratedCredentials': 'E:\github\cicd-lab\actions-runner\.credentials_migrated'
[2026-09-27 19:42:43Z INFO ConfigurationStore] MigratedCredFilePath: E:\github\cicd-lab\actions-runner\.credentials_migrated
[2026-09-27 19:42:43Z INFO HostContext] Well known directory 'Bin': 'E:\github\cicd-lab\actions-runner\bin'
[2026-09-27 19:42:43Z INFO HostContext] Well known directory 'Root': 'E:\github\cicd-lab\actions-runner'
[2026-09-27 19:42:43Z INFO HostContext] Well known config file 'Service': 'E:\github\cicd-lab\actions-runner\.service'
[2026-09-27 19:42:43Z INFO ConfigurationStore] ServiceConfigFilePath: E:\github\cicd-lab\actions-runner\.service
[2026-09-27 19:42:43Z INFO CommandSettings] Flag 'help': 'False'
[2026-09-27 19:42:43Z INFO CommandSettings] Flag 'version': 'False'
[2026-09-27 19:42:43Z INFO CommandSettings] Flag 'commit': 'False'
[2026-09-27 19:42:43Z INFO CommandSettings] Flag 'check': 'False'
[2026-09-27 19:42:43Z INFO CommandSettings] Command 'configure': 'True'
[2026-09-27 19:42:43Z INFO Terminal] WRITE LINE: 
[2026-09-27 19:42:43Z INFO Terminal] WRITE LINE: --------------------------------------------------------------------------------
[2026-09-27 19:42:43Z INFO Terminal] WRITE LINE: |        ____ _ _   _   _       _          _        _   _                      |
[2026-09-27 19:42:43Z INFO Terminal] WRITE LINE: |       / ___(_) |_| | | |_   _| |__      / \   ___| |_(_) ___  _ __  ___      |
[2026-09-27 19:42:43Z INFO Terminal] WRITE LINE: |      | |  _| | __| |_| | | | | '_ \    / _ \ / __| __| |/ _ \| '_ \/ __|     |
[2026-09-27 19:42:43Z INFO Terminal] WRITE LINE: |      | |_| | | |_|  _  | |_| | |_) |  / ___ \ (__| |_| | (_) | | | \__ \     |
[2026-09-27 19:42:43Z INFO Terminal] WRITE LINE: |       \____|_|\__|_| |_|\__,_|_.__/  /_/   \_\___|\__|_|\___/|_| |_|___/     |
[2026-09-27 19:42:43Z INFO Terminal] WRITE LINE: |                                                                              |
[2026-09-27 19:42:43Z INFO Terminal] WRITE: |                       
[2026-09-27 19:42:43Z INFO Terminal] WRITE: Self-hosted runner registration
[2026-09-27 19:42:43Z INFO Terminal] WRITE LINE:                         |
[2026-09-27 19:42:43Z INFO Terminal] WRITE LINE: |                                                                              |
[2026-09-27 19:42:43Z INFO Terminal] WRITE LINE: --------------------------------------------------------------------------------
[2026-09-27 19:42:43Z INFO ConfigurationManager] ConfigureAsync
[2026-09-27 19:42:43Z INFO CommandSettings] Flag 'generateServiceConfig': 'False'
[2026-09-27 19:42:43Z INFO ConfigurationStore] IsConfigured()
[2026-09-27 19:42:43Z INFO ConfigurationStore] IsConfigured: False
[2026-09-27 19:42:43Z INFO ConfigurationManager] Is configured: False
[2026-09-27 19:42:43Z INFO CommandSettings] Arg 'url': 'https://github.com/darwin642/cicd-lab'
[2026-09-27 19:42:43Z INFO CommandSettings] Remove url from Arg dictionary.
[2026-09-27 19:42:43Z INFO CommandSettings] Arg 'token': '***'
[2026-09-27 19:42:43Z INFO CommandSettings] Remove token from Arg dictionary.
[2026-09-27 19:42:44Z ERR  Terminal] WRITE ERROR: Http response code: NotFound from 'POST https://api.github.com/actions/runner-registration' (Request Id: 5979:59FDF:12AC63AD:12ABE0AB:6AB971B4)
[2026-09-27 19:42:44Z ERR  Terminal] WRITE ERROR: {"message":"Not Found","documentation_url":"https://docs.github.com/rest","status":"404"}
[2026-09-27 19:42:44Z ERR  Runner] System.Net.Http.HttpRequestException: Response status code does not indicate success: 404 (Not Found).
   at System.Net.Http.HttpResponseMessage.EnsureSuccessStatusCode()
   at GitHub.Runner.Listener.Configuration.ConfigurationManager.GetTenantCredential(String githubUrl, String githubToken, String runnerEvent)
   at GitHub.Runner.Listener.Configuration.ConfigurationManager.ConfigureAsync(CommandSettings command)
   at GitHub.Runner.Listener.Runner.ExecuteCommand(CommandSettings command)
[2026-09-27 19:42:44Z ERR  Terminal] WRITE ERROR: Response status code does not indicate success: 404 (Not Found).
[2026-09-27 19:42:44Z INFO Listener] Runner execution has finished with return code 1
