[2026-09-27 19:46:30Z INFO HostContext] No proxy settings were found based on environmental variables (http_proxy/https_proxy/HTTP_PROXY/HTTPS_PROXY)
[2026-09-27 19:46:30Z INFO HostContext] Well known directory 'Bin': 'E:\github\cicd-lab\actions-runner\bin'
[2026-09-27 19:46:30Z INFO HostContext] Well known directory 'Root': 'E:\github\cicd-lab\actions-runner'
[2026-09-27 19:46:30Z INFO HostContext] Well known config file 'Credentials': 'E:\github\cicd-lab\actions-runner\.credentials'
[2026-09-27 19:46:30Z INFO HostContext] Well known directory 'Bin': 'E:\github\cicd-lab\actions-runner\bin'
[2026-09-27 19:46:30Z INFO HostContext] Well known directory 'Root': 'E:\github\cicd-lab\actions-runner'
[2026-09-27 19:46:30Z INFO HostContext] Well known config file 'Runner': 'E:\github\cicd-lab\actions-runner\.runner'
[2026-09-27 19:46:30Z INFO Listener] Runner is built for Windows (X64) - win-x64.
[2026-09-27 19:46:30Z INFO Listener] RuntimeInformation: Microsoft Windows 10.0.26200.
[2026-09-27 19:46:30Z INFO Listener] Version: 2.337.0
[2026-09-27 19:46:30Z INFO Listener] Commit: 397b032cbf865e9c3ddfab89d533ec19325e1273
[2026-09-27 19:46:30Z INFO Listener] Culture: en-US
[2026-09-27 19:46:30Z INFO Listener] UI Culture: de-DE
[2026-09-27 19:46:30Z INFO HostContext] Well known directory 'Bin': 'E:\github\cicd-lab\actions-runner\bin'
[2026-09-27 19:46:30Z INFO HostContext] Well known directory 'Root': 'E:\github\cicd-lab\actions-runner'
[2026-09-27 19:46:30Z INFO Listener] Validating directory permissions for: 'E:\github\cicd-lab\actions-runner'
[2026-09-27 19:46:30Z INFO CommandLineParser] Parse
[2026-09-27 19:46:30Z INFO CommandLineParser] Parsing 1 args
[2026-09-27 19:46:30Z INFO CommandLineParser] parsing argument
[2026-09-27 19:46:30Z INFO CommandLineParser] HasArgs: False
[2026-09-27 19:46:30Z INFO CommandLineParser] Adding Command: run
[2026-09-27 19:46:30Z INFO Listener] Arguments parsed
[2026-09-27 19:46:30Z INFO Runner] ExecuteCommand
[2026-09-27 19:46:30Z INFO ConfigurationStore] currentAssemblyLocation: E:\github\cicd-lab\actions-runner\bin\Runner.Listener.dll
[2026-09-27 19:46:30Z INFO HostContext] Well known directory 'Bin': 'E:\github\cicd-lab\actions-runner\bin'
[2026-09-27 19:46:30Z INFO ConfigurationStore] binPath: E:\github\cicd-lab\actions-runner\bin
[2026-09-27 19:46:30Z INFO HostContext] Well known directory 'Bin': 'E:\github\cicd-lab\actions-runner\bin'
[2026-09-27 19:46:30Z INFO HostContext] Well known directory 'Root': 'E:\github\cicd-lab\actions-runner'
[2026-09-27 19:46:30Z INFO ConfigurationStore] RootFolder: E:\github\cicd-lab\actions-runner
[2026-09-27 19:46:30Z INFO HostContext] Well known directory 'Bin': 'E:\github\cicd-lab\actions-runner\bin'
[2026-09-27 19:46:30Z INFO HostContext] Well known directory 'Root': 'E:\github\cicd-lab\actions-runner'
[2026-09-27 19:46:30Z INFO HostContext] Well known config file 'Runner': 'E:\github\cicd-lab\actions-runner\.runner'
[2026-09-27 19:46:30Z INFO ConfigurationStore] ConfigFilePath: E:\github\cicd-lab\actions-runner\.runner
[2026-09-27 19:46:30Z INFO HostContext] Well known directory 'Bin': 'E:\github\cicd-lab\actions-runner\bin'
[2026-09-27 19:46:30Z INFO HostContext] Well known directory 'Root': 'E:\github\cicd-lab\actions-runner'
[2026-09-27 19:46:30Z INFO HostContext] Well known config file 'MigratedRunner': 'E:\github\cicd-lab\actions-runner\.runner_migrated'
[2026-09-27 19:46:30Z INFO ConfigurationStore] MigratedConfigFilePath: E:\github\cicd-lab\actions-runner\.runner_migrated
[2026-09-27 19:46:30Z INFO HostContext] Well known directory 'Bin': 'E:\github\cicd-lab\actions-runner\bin'
[2026-09-27 19:46:30Z INFO HostContext] Well known directory 'Root': 'E:\github\cicd-lab\actions-runner'
[2026-09-27 19:46:30Z INFO HostContext] Well known config file 'Credentials': 'E:\github\cicd-lab\actions-runner\.credentials'
[2026-09-27 19:46:30Z INFO ConfigurationStore] CredFilePath: E:\github\cicd-lab\actions-runner\.credentials
[2026-09-27 19:46:30Z INFO HostContext] Well known directory 'Bin': 'E:\github\cicd-lab\actions-runner\bin'
[2026-09-27 19:46:30Z INFO HostContext] Well known directory 'Root': 'E:\github\cicd-lab\actions-runner'
[2026-09-27 19:46:30Z INFO HostContext] Well known config file 'MigratedCredentials': 'E:\github\cicd-lab\actions-runner\.credentials_migrated'
[2026-09-27 19:46:30Z INFO ConfigurationStore] MigratedCredFilePath: E:\github\cicd-lab\actions-runner\.credentials_migrated
[2026-09-27 19:46:30Z INFO HostContext] Well known directory 'Bin': 'E:\github\cicd-lab\actions-runner\bin'
[2026-09-27 19:46:30Z INFO HostContext] Well known directory 'Root': 'E:\github\cicd-lab\actions-runner'
[2026-09-27 19:46:30Z INFO HostContext] Well known config file 'Service': 'E:\github\cicd-lab\actions-runner\.service'
[2026-09-27 19:46:30Z INFO ConfigurationStore] ServiceConfigFilePath: E:\github\cicd-lab\actions-runner\.service
[2026-09-27 19:46:30Z INFO CommandSettings] Flag 'help': 'False'
[2026-09-27 19:46:30Z INFO CommandSettings] Flag 'version': 'False'
[2026-09-27 19:46:30Z INFO CommandSettings] Flag 'commit': 'False'
[2026-09-27 19:46:30Z INFO CommandSettings] Flag 'check': 'False'
[2026-09-27 19:46:30Z INFO CommandSettings] Command 'configure': 'False'
[2026-09-27 19:46:30Z INFO CommandSettings] Command 'remove': 'False'
[2026-09-27 19:46:30Z INFO CommandSettings] Command 'warmup': 'False'
[2026-09-27 19:46:30Z INFO ConfigurationManager] LoadSettings
[2026-09-27 19:46:30Z INFO ConfigurationStore] IsConfigured()
[2026-09-27 19:46:30Z INFO ConfigurationStore] IsConfigured: True
[2026-09-27 19:46:30Z INFO ConfigurationManager] Is configured: True
[2026-09-27 19:46:30Z INFO ConfigurationStore] Read setting file: 397 chars
[2026-09-27 19:46:30Z INFO ConfigurationManager] Settings Loaded
[2026-09-27 19:46:30Z INFO ConfigurationStore] IsServiceConfigured()
[2026-09-27 19:46:30Z INFO ConfigurationStore] IsServiceConfigured: False
[2026-09-27 19:46:30Z INFO CommandSettings] Command 'run': 'True'
[2026-09-27 19:46:30Z INFO ConfigurationStore] IsConfigured()
[2026-09-27 19:46:30Z INFO ConfigurationStore] IsConfigured: True
[2026-09-27 19:46:30Z INFO ConfigurationManager] Is configured: True
[2026-09-27 19:46:30Z INFO Runner] Could not parse the argument value '' for StartupType. Defaulting to Manual
[2026-09-27 19:46:30Z INFO Runner] Set runner startup type - Manual
[2026-09-27 19:46:30Z INFO CommandSettings] Flag 'once': 'False'
[2026-09-27 19:46:30Z INFO CommandSettings] Flag 'once': 'False'
[2026-09-27 19:46:30Z INFO Runner] RunAsync
[2026-09-27 19:46:30Z INFO HostContext] Well known directory 'Bin': 'E:\github\cicd-lab\actions-runner\bin'
[2026-09-27 19:46:30Z INFO HostContext] Well known directory 'Root': 'E:\github\cicd-lab\actions-runner'
[2026-09-27 19:46:30Z INFO HostContext] Well known directory 'Work': 'E:\github\cicd-lab\actions-runner\_work'
[2026-09-27 19:46:30Z INFO Runner] Validating directory permissions for: 'E:\github\cicd-lab\actions-runner\_work'
[2026-09-27 19:46:30Z INFO ConfigurationManager] LoadMigratedSettings
[2026-09-27 19:46:30Z INFO ConfigurationStore] IsMigratedConfigured()
[2026-09-27 19:46:30Z INFO ConfigurationStore] IsMigratedConfigured: False
[2026-09-27 19:46:30Z INFO Runner] Failed to load migrated settings: No migrated configuration found.
[2026-09-27 19:46:30Z INFO Runner] Falling back to original .runner settings
[2026-09-27 19:46:30Z INFO Runner] Using BrokerMessageListener
[2026-09-27 19:46:30Z INFO BrokerMessageListener] Using provided settings
[2026-09-27 19:46:30Z INFO BrokerMessageListener] {
  "AgentId": 2,
  "AgentName": "DESKTOP-6STTPAT",
  "PoolId": 1,
  "PoolName": "Default",
  "ServerUrl": "https://pipelinesghubeus26.actions.githubusercontent.com/u8lXog3qPUQp3aV3R8CM0BXfn9FLUc2xcSMa1XnxQ5K0SvBKBr/",
  "GitHubUrl": "https://github.com/darwin642/cicd-lab",
  "WorkFolder": "_work",
  "UseV2Flow": true,
  "ServerUrlV2": "https://broker.actions.githubusercontent.com/"
}
[2026-09-27 19:46:30Z INFO BrokerMessageListener] Loading Credentials
[2026-09-27 19:46:30Z INFO ConfigurationStore] HasCredentials()
[2026-09-27 19:46:30Z INFO ConfigurationStore] stored True
[2026-09-27 19:46:30Z INFO CredentialManager] GetCredentialProvider
[2026-09-27 19:46:30Z INFO CredentialManager] Creating type OAuth
[2026-09-27 19:46:30Z INFO CredentialManager] Creating credential type: OAuth
[2026-09-27 19:46:30Z INFO HostContext] Well known directory 'Bin': 'E:\github\cicd-lab\actions-runner\bin'
[2026-09-27 19:46:30Z INFO HostContext] Well known directory 'Root': 'E:\github\cicd-lab\actions-runner'
[2026-09-27 19:46:30Z INFO HostContext] Well known config file 'RSACredentials': 'E:\github\cicd-lab\actions-runner\.credentials_rsaparams'
[2026-09-27 19:46:30Z INFO RSAEncryptedFileKeyManager] Loading RSA key parameters from file E:\github\cicd-lab\actions-runner\.credentials_rsaparams
[2026-09-27 19:46:30Z INFO BrokerMessageListener] Attempt to create session.
[2026-09-27 19:46:30Z INFO BrokerMessageListener] Connecting to the Broker Server...
[2026-09-27 19:46:30Z INFO ConfigurationStore] HasCredentials()
[2026-09-27 19:46:30Z INFO ConfigurationStore] stored True
[2026-09-27 19:46:30Z INFO CredentialManager] GetCredentialProvider
[2026-09-27 19:46:30Z INFO CredentialManager] Creating type OAuth
[2026-09-27 19:46:30Z INFO CredentialManager] Creating credential type: OAuth
[2026-09-27 19:46:30Z INFO RSAEncryptedFileKeyManager] Loading RSA key parameters from file E:\github\cicd-lab\actions-runner\.credentials_rsaparams
[2026-09-27 19:46:31Z INFO BrokerMessageListener] VssConnection created
[2026-09-27 19:46:31Z INFO BrokerMessageListener] Connecting to the Runner server...
[2026-09-27 19:46:31Z INFO RunnerServer] EstablishVssConnection
[2026-09-27 19:46:31Z INFO RunnerServer] Establish connection with 100 seconds timeout.
[2026-09-27 19:46:31Z INFO GitHubActionsService] Starting operation Location.GetConnectionData
[2026-09-27 19:46:31Z INFO RunnerServer] EstablishVssConnection
[2026-09-27 19:46:31Z INFO RunnerServer] Establish connection with 60 seconds timeout.
[2026-09-27 19:46:31Z INFO GitHubActionsService] Starting operation Location.GetConnectionData
[2026-09-27 19:46:31Z INFO RunnerServer] EstablishVssConnection
[2026-09-27 19:46:31Z INFO RunnerServer] Establish connection with 60 seconds timeout.
[2026-09-27 19:46:31Z INFO GitHubActionsService] Starting operation Location.GetConnectionData
[2026-09-27 19:46:31Z INFO GitHubActionsService] Finished operation Location.GetConnectionData
[2026-09-27 19:46:31Z INFO GitHubActionsService] Finished operation Location.GetConnectionData
[2026-09-27 19:46:31Z INFO GitHubActionsService] Finished operation Location.GetConnectionData
[2026-09-27 19:46:31Z INFO BrokerMessageListener] VssConnection created
[2026-09-27 19:46:31Z INFO Terminal] WRITE LINE: 
[2026-09-27 19:46:31Z INFO Terminal] WRITE LINE: 
[2026-09-27 19:46:31Z INFO RSAEncryptedFileKeyManager] Loading RSA key parameters from file E:\github\cicd-lab\actions-runner\.credentials_rsaparams
[2026-09-27 19:46:31Z INFO RSAEncryptedFileKeyManager] Loading RSA key parameters from file E:\github\cicd-lab\actions-runner\.credentials_rsaparams
[2026-09-27 19:46:32Z INFO GitHubActionsService] AAD Correlation ID for this token request: Unknown
[2026-09-27 19:46:32Z INFO BrokerMessageListener] Session created.
[2026-09-27 19:46:32Z INFO Terminal] WRITE LINE: Current runner version: '2.337.0'
[2026-09-27 19:46:32Z INFO Terminal] WRITE LINE: 2026-09-27 19:46:32Z: Listening for Jobs
[2026-09-27 19:46:32Z INFO JobDispatcher] Set runner/worker IPC timeout to 30 seconds.
[2026-09-27 20:02:25Z INFO BrokerMessageListener] Acknowledging runner request '62211e0e-4c1f-567c-a3c2-d5690e8ab555'.
[2026-09-27 20:02:25Z INFO ConfigurationStore] HasCredentials()
[2026-09-27 20:02:25Z INFO ConfigurationStore] stored True
[2026-09-27 20:02:25Z INFO CredentialManager] GetCredentialProvider
[2026-09-27 20:02:25Z INFO CredentialManager] Creating type OAuth
[2026-09-27 20:02:25Z INFO CredentialManager] Creating credential type: OAuth
[2026-09-27 20:02:25Z INFO RSAEncryptedFileKeyManager] Loading RSA key parameters from file E:\github\cicd-lab\actions-runner\.credentials_rsaparams
[2026-09-27 20:02:25Z INFO RSAEncryptedFileKeyManager] Loading RSA key parameters from file E:\github\cicd-lab\actions-runner\.credentials_rsaparams
[2026-09-27 20:02:25Z INFO RSAEncryptedFileKeyManager] Loading RSA key parameters from file E:\github\cicd-lab\actions-runner\.credentials_rsaparams
[2026-09-27 20:02:26Z INFO GitHubActionsService] AAD Correlation ID for this token request: Unknown
[2026-09-27 20:02:27Z INFO JobDispatcher] Job request 0 for plan 935426f4-7d61-42a8-af82-957ff9833afd job 62211e0e-4c1f-567c-a3c2-d5690e8ab555 received.
[2026-09-27 20:02:27Z INFO JobDispatcher] Pull OrchestrationId 935426f4-7d61-42a8-af82-957ff9833afd.deploy.__default from JWT claims
[2026-09-27 20:02:27Z INFO BrokerMessageListener] Received job status event. JobState: Busy
[2026-09-27 20:02:27Z INFO BrokerMessageListener] _getMessagesTokenSource is already disposed.
[2026-09-27 20:02:27Z INFO Terminal] WRITE LINE: 2026-09-27 20:02:27Z: Running job: deploy
[2026-09-27 20:02:27Z INFO JobDispatcher] Start renew job request 0 for job 62211e0e-4c1f-567c-a3c2-d5690e8ab555.
[2026-09-27 20:02:27Z INFO JobDispatcher] Successfully renew job 62211e0e-4c1f-567c-a3c2-d5690e8ab555, job is valid till 9/27/2026 8:12:26 PM
[2026-09-27 20:02:27Z INFO HostContext] Well known directory 'Bin': 'E:\github\cicd-lab\actions-runner\bin'
[2026-09-27 20:02:27Z INFO ProcessInvokerWrapper] Starting process:
[2026-09-27 20:02:27Z INFO ProcessInvokerWrapper]   File name: 'E:\github\cicd-lab\actions-runner\bin\Runner.Worker.exe'
[2026-09-27 20:02:27Z INFO ProcessInvokerWrapper]   Arguments: 'spawnclient 2304 2316'
[2026-09-27 20:02:27Z INFO ProcessInvokerWrapper]   Working directory: 'E:\github\cicd-lab\actions-runner\bin'
[2026-09-27 20:02:27Z INFO ProcessInvokerWrapper]   Require exit code zero: 'False'
[2026-09-27 20:02:27Z INFO ProcessInvokerWrapper]   Encoding web name:  ; code page: ''
[2026-09-27 20:02:27Z INFO ProcessInvokerWrapper]   Force kill process on cancellation: 'True'
[2026-09-27 20:02:27Z INFO ProcessInvokerWrapper]   Redirected STDIN: 'False'
[2026-09-27 20:02:27Z INFO ProcessInvokerWrapper]   Persist current code page: 'False'
[2026-09-27 20:02:27Z INFO ProcessInvokerWrapper]   Keep redirected STDIN open: 'False'
[2026-09-27 20:02:27Z INFO ProcessInvokerWrapper]   High priority process: 'True'
[2026-09-27 20:02:28Z INFO ProcessInvokerWrapper] Process started with process id 20464, waiting for process exit.
[2026-09-27 20:02:28Z INFO JobDispatcher] Send job request message to worker for job 62211e0e-4c1f-567c-a3c2-d5690e8ab555.
[2026-09-27 20:02:28Z INFO ProcessChannel] Sending message of length 22733, with hash 'c72b050178bc48130b6cb8c8bac57827f25f4f4f6d5774c568519a27253e48fa'
[2026-09-27 20:02:30Z INFO JobNotification] Entering JobStarted Notification
[2026-09-27 20:02:30Z INFO JobNotification] Entering StartMonitor
[2026-09-27 20:02:46Z INFO ProcessInvokerWrapper] STDOUT/STDERR stream read finished.
[2026-09-27 20:02:46Z INFO ProcessInvokerWrapper] STDOUT/STDERR stream read finished.
[2026-09-27 20:02:46Z INFO ProcessInvokerWrapper] Finished process 20464 with exit code 102, and elapsed time 00:00:19.0698797.
[2026-09-27 20:02:46Z INFO JobDispatcher] Worker finished for job 62211e0e-4c1f-567c-a3c2-d5690e8ab555. Code: 102
[2026-09-27 20:02:46Z INFO JobDispatcher] finish job request for job 62211e0e-4c1f-567c-a3c2-d5690e8ab555 with result: Failed
[2026-09-27 20:02:46Z INFO Terminal] WRITE LINE: 2026-09-27 20:02:46Z: Job deploy completed with result: Failed
[2026-09-27 20:02:46Z INFO JobDispatcher] Stop renew job request for job 62211e0e-4c1f-567c-a3c2-d5690e8ab555.
[2026-09-27 20:02:46Z INFO JobDispatcher] job renew has been cancelled, stop renew job 62211e0e-4c1f-567c-a3c2-d5690e8ab555.
[2026-09-27 20:02:46Z INFO JobNotification] Entering JobCompleted Notification
[2026-09-27 20:02:46Z INFO JobNotification] Entering EndMonitor
[2026-09-27 20:02:46Z INFO BrokerMessageListener] Received job status event. JobState: Online
[2026-09-27 20:02:46Z WARN GitHubActionsService] GET request to https://broker.actions.githubusercontent.com/message?sessionId=c9b56e1a-6024-4ea9-a846-d0e100386f46&status=Busy&runnerVersion=2.337.0&os=Windows&architecture=X64&disableUpdate=false has been cancelled.
[2026-09-27 20:02:46Z ERR  BrokerServer] Catch exception during request
[2026-09-27 20:02:46Z ERR  BrokerServer] System.Threading.Tasks.TaskCanceledException: The operation was canceled.
 ---> System.Threading.Tasks.TaskCanceledException: The operation was canceled.
 ---> System.IO.IOException: Unable to read data from the transport connection: Der E/A-Vorgang wurde wegen eines Threadendes oder einer Anwendungsanforderung abgebrochen..
 ---> System.Net.Sockets.SocketException (995): Der E/A-Vorgang wurde wegen eines Threadendes oder einer Anwendungsanforderung abgebrochen.
   --- End of inner exception stack trace ---
   at System.Net.Sockets.Socket.AwaitableSocketAsyncEventArgs.ThrowException(SocketError error, CancellationToken cancellationToken)
   at System.Net.Sockets.Socket.AwaitableSocketAsyncEventArgs.System.Threading.Tasks.Sources.IValueTaskSource<System.Int32>.GetResult(Int16 token)
   at System.Net.Security.SslStream.EnsureFullTlsFrameAsync[TIOAdapter](CancellationToken cancellationToken, Int32 estimatedSize)
   at System.Runtime.CompilerServices.PoolingAsyncValueTaskMethodBuilder`1.StateMachineBox`1.System.Threading.Tasks.Sources.IValueTaskSource<TResult>.GetResult(Int16 token)
   at System.Net.Security.SslStream.ReadAsyncInternal[TIOAdapter](Memory`1 buffer, CancellationToken cancellationToken)
   at System.Runtime.CompilerServices.PoolingAsyncValueTaskMethodBuilder`1.StateMachineBox`1.System.Threading.Tasks.Sources.IValueTaskSource<TResult>.GetResult(Int16 token)
   at System.Net.Http.HttpConnection.SendAsync(HttpRequestMessage request, Boolean async, CancellationToken cancellationToken)
   --- End of inner exception stack trace ---
   at System.Net.Http.HttpConnection.SendAsync(HttpRequestMessage request, Boolean async, CancellationToken cancellationToken)
   at System.Net.Http.AuthenticationHelper.SendWithNtAuthAsync(HttpRequestMessage request, Uri authUri, Boolean async, ICredentials credentials, Boolean isProxyAuth, HttpConnection connection, HttpConnectionPool connectionPool, CancellationToken cancellationToken)
   at System.Net.Http.HttpConnectionPool.SendWithVersionDetectionAndRetryAsync(HttpRequestMessage request, Boolean async, Boolean doRequestAuth, CancellationToken cancellationToken)
   at System.Net.Http.AuthenticationHelper.SendWithAuthAsync(HttpRequestMessage request, Uri authUri, Boolean async, ICredentials credentials, Boolean preAuthenticate, Boolean isProxyAuth, Boolean doRequestAuth, HttpConnectionPool pool, CancellationToken cancellationToken)
   at System.Net.Http.RedirectHandler.SendAsync(HttpRequestMessage request, Boolean async, CancellationToken cancellationToken)
   at GitHub.Services.Common.RawHttpMessageHandler.SendAsync(HttpRequestMessage request, CancellationToken cancellationToken)
   at GitHub.Services.Common.VssHttpRetryMessageHandler.SendAsync(HttpRequestMessage request, CancellationToken cancellationToken)
   at System.Net.Http.HttpClient.<SendAsync>g__Core|83_0(HttpRequestMessage request, HttpCompletionOption completionOption, CancellationTokenSource cts, Boolean disposeCts, CancellationTokenSource pendingRequestsCts, CancellationToken originalCancellationToken)
   --- End of inner exception stack trace ---
   at System.Net.Http.HttpClient.HandleFailure(Exception e, Boolean telemetryStarted, HttpResponseMessage response, CancellationTokenSource cts, CancellationToken cancellationToken, CancellationTokenSource pendingRequestsCts)
   at System.Net.Http.HttpClient.<SendAsync>g__Core|83_0(HttpRequestMessage request, HttpCompletionOption completionOption, CancellationTokenSource cts, Boolean disposeCts, CancellationTokenSource pendingRequestsCts, CancellationToken originalCancellationToken)
   at Sdk.WebApi.WebApi.RawHttpClientBase.SendAsync(HttpRequestMessage message, HttpCompletionOption completionOption, Object userState, CancellationToken cancellationToken)
   at Sdk.WebApi.WebApi.RawHttpClientBase.SendAsync[T](HttpRequestMessage message, Boolean readErrorBody, Object userState, CancellationToken cancellationToken)
   at Sdk.WebApi.WebApi.RawHttpClientBase.SendAsync[T](HttpMethod method, IEnumerable`1 additionalHeaders, Uri requestUri, HttpContent content, IEnumerable`1 queryParameters, Boolean readErrorBody, Object userState, CancellationToken cancellationToken)
   at GitHub.Actions.RunService.WebApi.BrokerHttpClient.GetRunnerMessageAsync(Nullable`1 sessionId, String runnerVersion, Nullable`1 status, String os, String architecture, Nullable`1 disableUpdate, CancellationToken cancellationToken)
   at GitHub.Runner.Common.BrokerServer.<>c__DisplayClass7_0.<<GetRunnerMessageAsync>b__0>d.MoveNext()
--- End of stack trace from previous location ---
   at GitHub.Runner.Common.RunnerService.RetryRequest[T](Func`1 func, CancellationToken cancellationToken, Int32 maxAttempts, Func`2 shouldRetry)
[2026-09-27 20:02:46Z ERR  BrokerServer] #####################################################
[2026-09-27 20:02:46Z ERR  BrokerServer] System.Threading.Tasks.TaskCanceledException: The operation was canceled.
 ---> System.IO.IOException: Unable to read data from the transport connection: Der E/A-Vorgang wurde wegen eines Threadendes oder einer Anwendungsanforderung abgebrochen..
 ---> System.Net.Sockets.SocketException (995): Der E/A-Vorgang wurde wegen eines Threadendes oder einer Anwendungsanforderung abgebrochen.
   --- End of inner exception stack trace ---
   at System.Net.Sockets.Socket.AwaitableSocketAsyncEventArgs.ThrowException(SocketError error, CancellationToken cancellationToken)
   at System.Net.Sockets.Socket.AwaitableSocketAsyncEventArgs.System.Threading.Tasks.Sources.IValueTaskSource<System.Int32>.GetResult(Int16 token)
   at System.Net.Security.SslStream.EnsureFullTlsFrameAsync[TIOAdapter](CancellationToken cancellationToken, Int32 estimatedSize)
   at System.Runtime.CompilerServices.PoolingAsyncValueTaskMethodBuilder`1.StateMachineBox`1.System.Threading.Tasks.Sources.IValueTaskSource<TResult>.GetResult(Int16 token)
   at System.Net.Security.SslStream.ReadAsyncInternal[TIOAdapter](Memory`1 buffer, CancellationToken cancellationToken)
   at System.Runtime.CompilerServices.PoolingAsyncValueTaskMethodBuilder`1.StateMachineBox`1.System.Threading.Tasks.Sources.IValueTaskSource<TResult>.GetResult(Int16 token)
   at System.Net.Http.HttpConnection.SendAsync(HttpRequestMessage request, Boolean async, CancellationToken cancellationToken)
   --- End of inner exception stack trace ---
   at System.Net.Http.HttpConnection.SendAsync(HttpRequestMessage request, Boolean async, CancellationToken cancellationToken)
   at System.Net.Http.AuthenticationHelper.SendWithNtAuthAsync(HttpRequestMessage request, Uri authUri, Boolean async, ICredentials credentials, Boolean isProxyAuth, HttpConnection connection, HttpConnectionPool connectionPool, CancellationToken cancellationToken)
   at System.Net.Http.HttpConnectionPool.SendWithVersionDetectionAndRetryAsync(HttpRequestMessage request, Boolean async, Boolean doRequestAuth, CancellationToken cancellationToken)
   at System.Net.Http.AuthenticationHelper.SendWithAuthAsync(HttpRequestMessage request, Uri authUri, Boolean async, ICredentials credentials, Boolean preAuthenticate, Boolean isProxyAuth, Boolean doRequestAuth, HttpConnectionPool pool, CancellationToken cancellationToken)
   at System.Net.Http.RedirectHandler.SendAsync(HttpRequestMessage request, Boolean async, CancellationToken cancellationToken)
   at GitHub.Services.Common.RawHttpMessageHandler.SendAsync(HttpRequestMessage request, CancellationToken cancellationToken)
   at GitHub.Services.Common.VssHttpRetryMessageHandler.SendAsync(HttpRequestMessage request, CancellationToken cancellationToken)
   at System.Net.Http.HttpClient.<SendAsync>g__Core|83_0(HttpRequestMessage request, HttpCompletionOption completionOption, CancellationTokenSource cts, Boolean disposeCts, CancellationTokenSource pendingRequestsCts, CancellationToken originalCancellationToken)
[2026-09-27 20:02:46Z ERR  BrokerServer] #####################################################
[2026-09-27 20:02:46Z ERR  BrokerServer] System.IO.IOException: Unable to read data from the transport connection: Der E/A-Vorgang wurde wegen eines Threadendes oder einer Anwendungsanforderung abgebrochen..
 ---> System.Net.Sockets.SocketException (995): Der E/A-Vorgang wurde wegen eines Threadendes oder einer Anwendungsanforderung abgebrochen.
   --- End of inner exception stack trace ---
   at System.Net.Sockets.Socket.AwaitableSocketAsyncEventArgs.ThrowException(SocketError error, CancellationToken cancellationToken)
   at System.Net.Sockets.Socket.AwaitableSocketAsyncEventArgs.System.Threading.Tasks.Sources.IValueTaskSource<System.Int32>.GetResult(Int16 token)
   at System.Net.Security.SslStream.EnsureFullTlsFrameAsync[TIOAdapter](CancellationToken cancellationToken, Int32 estimatedSize)
   at System.Runtime.CompilerServices.PoolingAsyncValueTaskMethodBuilder`1.StateMachineBox`1.System.Threading.Tasks.Sources.IValueTaskSource<TResult>.GetResult(Int16 token)
   at System.Net.Security.SslStream.ReadAsyncInternal[TIOAdapter](Memory`1 buffer, CancellationToken cancellationToken)
   at System.Runtime.CompilerServices.PoolingAsyncValueTaskMethodBuilder`1.StateMachineBox`1.System.Threading.Tasks.Sources.IValueTaskSource<TResult>.GetResult(Int16 token)
   at System.Net.Http.HttpConnection.SendAsync(HttpRequestMessage request, Boolean async, CancellationToken cancellationToken)
[2026-09-27 20:02:46Z ERR  BrokerServer] #####################################################
[2026-09-27 20:02:46Z ERR  BrokerServer] System.Net.Sockets.SocketException (995): Der E/A-Vorgang wurde wegen eines Threadendes oder einer Anwendungsanforderung abgebrochen.
[2026-09-27 20:02:46Z WARN BrokerServer] Back off 5.838 seconds before next retry. 4 attempt left.
[2026-09-27 20:02:46Z INFO BrokerMessageListener] Get messages has been cancelled using local token source. Continue to get messages with new status.
